// Jest Snapshot v1, https://goo.gl/fbAQLP

exports[`Test renders 1`] = `
<All>
  <div>
    <Component>
      <styled.div>
        <div
          className="sc-bdVaJa ikIoLQ"
        >
          One
        </div>
      </styled.div>
    </Component>
    <Component>
      <styled.div>
        <div
          className="sc-bdVaJa ikIoLQ"
        >
          Two
        </div>
      </styled.div>
    </Component>
    <Component>
      <styled.div>
        <div
          className="sc-bdVaJa ikIoLQ"
        >
          Three
        </div>
      </styled.div>
    </Component>
  </div>
</All>
`;
